// Jest Snapshot v1, https://goo.gl/fbAQLP

exports[`Modal Header should render modal header correctly 1`] = `
<div>
  <div
    class="box mm-header-base mm-modal-header box--display-flex box--flex-direction-row box--justify-content-space-between"
    data-testid="modal-header"
  >
    <div
      class="box mm-header-base__children box--flex-direction-row box--width-full"
    >
      <h4
        class="box mm-text mm-text--heading-sm mm-text--text-align-center box--flex-direction-row box--color-text-default"
      >
        Modal Header
      </h4>
    </div>
  </div>
</div>
`;
